[14:25:29] Starting LinkedIn job search...
--- General searches ---
  'devops engineer intern' / Egypt -> 0 new
  'junior devops engineer' / Egypt -> 6 new
  'cloud engineer intern' / Egypt -> 0 new
  'junior cloud engineer' / Egypt -> 1 new
  'devops intern' / Egypt -> 0 new
  'cloud support engineer' / Egypt -> 1 new
  'site reliability intern' / Egypt -> 0 new
  'infrastructure engineer' / Egypt -> 1 new
  'junior devops engineer' / Germany -> 3 new
  'devops engineer intern' / Germany -> 2 new
  'junior devops engineer' / Netherlands -> 2 new
  'cloud engineer intern' / Netherlands -> 3 new
  'junior devops engineer' / Poland -> 6 new
  'junior cloud engineer' / Poland -> 2 new
  'junior devops engineer' / Ireland -> 5 new
  'junior devops engineer' / United Kingdom -> 6 new
  'junior devops engineer' / Spain -> 6 new
  'junior devops engineer' / Portugal -> 5 new
  'junior devops engineer' / France -> 3 new
  'junior devops engineer' / Italy -> 2 new
  'junior devops engineer' / Sweden -> 7 new
  'devops intern' / Worldwide -> 3 new
  'junior devops engineer' / Worldwide -> 3 new
  'junior cloud engineer' / Worldwide -> 1 new
--- Target company searches ---
General: 68 | Company: 0
Telegram sent: 9 Egypt + 15 Europe + 5 worldwide + 0 company matches.
[14:45:01] Starting LinkedIn job search...
--- General searches ---
  'devops engineer intern' / Egypt -> 0 new
  'junior devops engineer' / Egypt -> 0 new
  'cloud engineer intern' / Egypt -> 0 new
  'junior cloud engineer' / Egypt -> 0 new
  'devops intern' / Egypt -> 0 new
  'cloud support engineer' / Egypt -> 0 new
  'site reliability intern' / Egypt -> 0 new
  'infrastructure engineer' / Egypt -> 0 new
  'junior devops engineer' / Germany -> 0 new
  'devops engineer intern' / Germany -> 0 new
  'junior devops engineer' / Netherlands -> 0 new
  'cloud engineer intern' / Netherlands -> 0 new
  'junior devops engineer' / Poland -> 0 new
  'junior cloud engineer' / Poland -> 0 new
  'junior devops engineer' / Ireland -> 0 new
  'junior devops engineer' / United Kingdom -> 0 new
  'junior devops engineer' / Spain -> 0 new
  'junior devops engineer' / Portugal -> 0 new
  'junior devops engineer' / France -> 0 new
  'junior devops engineer' / Italy -> 1 new
  'junior devops engineer' / Sweden -> 0 new
  'junior devops engineer' / United Arab Emirates -> 10 new
  'devops engineer intern' / United Arab Emirates -> 4 new
  'cloud engineer intern' / United Arab Emirates -> 0 new
  'junior devops engineer' / Saudi Arabia -> 10 new
  'cloud engineer intern' / Saudi Arabia -> 1 new
  'junior devops engineer' / Qatar -> 7 new
  'junior devops engineer' / Kuwait -> 2 new
  'junior devops engineer' / Bahrain -> 2 new
  'junior devops engineer' / Oman -> 4 new
  'junior devops engineer' / Jordan -> 6 new
  'junior devops engineer' / Lebanon -> 9 new
  'junior devops engineer' / Morocco -> 10 new
  'junior devops engineer' / Iraq -> 0 new
  'junior devops engineer' / United States -> 0 new
  'devops engineer intern' / United States -> 0 new
  'cloud engineer intern' / United States -> 6 new
  'junior cloud engineer' / United States -> 0 new
  'junior devops engineer' / Canada -> 10 new
  'cloud engineer intern' / Canada -> 10 new
  'devops intern' / Worldwide -> 0 new
  'junior devops engineer' / Worldwide -> 0 new
  'junior cloud engineer' / Worldwide -> 0 new
--- Target company searches ---
General: 92 | Company: 0
Telegram sent: 0 Egypt + 1 Europe + 15 Gulf/Arab + 15 America + 0 worldwide + 0 company matches.
[14:45:02] Starting LinkedIn job search...
--- General searches ---
  'devops engineer intern' / Egypt -> 1 new
  'junior devops engineer' / Egypt -> 3 new
  'cloud engineer intern' / Egypt -> 0 new
  'junior cloud engineer' / Egypt -> 1 new
  'devops intern' / Egypt -> 0 new
  'cloud support engineer' / Egypt -> 2 new
  'site reliability intern' / Egypt -> 0 new
  'infrastructure engineer' / Egypt -> 2 new
  'junior devops engineer' / Germany -> 5 new
  'devops engineer intern' / Germany -> 5 new
  'junior devops engineer' / Netherlands -> 4 new
  'cloud engineer intern' / Netherlands -> 2 new
  'junior devops engineer' / Poland -> 3 new
  'junior cloud engineer' / Poland -> 1 new
  'junior devops engineer' / Ireland -> 3 new
  'junior devops engineer' / United Kingdom -> 2 new
  'junior devops engineer' / Spain -> 3 new
  'junior devops engineer' / Portugal -> 2 new
  'junior devops engineer' / France -> 5 new
  'junior devops engineer' / Italy -> 6 new
  'junior devops engineer' / Sweden -> 3 new
  'junior devops engineer' / United Arab Emirates -> 1 new
  'devops engineer intern' / United Arab Emirates -> 0 new
  'cloud engineer intern' / United Arab Emirates -> 0 new
  'junior devops engineer' / Saudi Arabia -> 2 new
  'cloud engineer intern' / Saudi Arabia -> 1 new
  'junior devops engineer' / Qatar -> 4 new
  'junior devops engineer' / Kuwait -> 4 new
  'junior devops engineer' / Bahrain -> 0 new
  'junior devops engineer' / Oman -> 0 new
  'junior devops engineer' / Jordan -> 0 new
Warning: LinkedIn returned 429 for 'junior devops engineer' / Lebanon
  'junior devops engineer' / Lebanon -> 0 new
Warning: LinkedIn returned 429 for 'junior devops engineer' / Morocco
  'junior devops engineer' / Morocco -> 0 new
Warning: LinkedIn returned 429 for 'junior devops engineer' / Iraq
  'junior devops engineer' / Iraq -> 0 new
  'junior devops engineer' / United States -> 3 new
  'devops engineer intern' / United States -> 2 new
  'cloud engineer intern' / United States -> 0 new
  'junior cloud engineer' / United States -> 4 new
  'junior devops engineer' / Canada -> 5 new
  'cloud engineer intern' / Canada -> 2 new
  'devops intern' / Worldwide -> 0 new
  'junior devops engineer' / Worldwide -> 0 new
  'junior cloud engineer' / Worldwide -> 0 new
--- Target company searches ---
General: 81 | Company: 0
Telegram sent: 9 Egypt + 15 Europe + 12 Gulf/Arab + 15 America + 0 worldwide + 0 company matches.
